// Jest Snapshot v1, https://goo.gl/fbAQLP

exports[`Default Field 1`] = `
<div
  className="ola_field"
>
  <label
    className="ola_field-label"
    htmlFor="test"
  >
    Test label
  </label>
  <div
    className="ola_field-input"
  >
    <input
      className="ola_input"
      disabled={false}
      id="test"
      type="text"
    />
  </div>
</div>
`;

exports[`Field with custom description 1`] = `
<div
  className="ola_field"
>
  <label
    className="ola_field-label"
    htmlFor="test"
  >
    Test label
  </label>
  <div
    className="ola_field-input"
  >
    <input
      className="ola_input"
      disabled={false}
      id="test"
      type="text"
    />
  </div>
  <p
    className="ola_field-description"
  >
    <span>
      <span>
        Custom description
      </span>
    </span>
  </p>
</div>
`;

exports[`Field with custom description with error 1`] = `
<div
  className="ola_field is-invalid"
>
  <label
    className="ola_field-label"
    htmlFor="test"
  >
    Test label
  </label>
  <div
    className="ola_field-input"
  >
    <input
      className="ola_input is-invalid"
      disabled={false}
      id="test"
      type="text"
    />
  </div>
  <p
    className="ola_field-error"
  >
    <span>
      <span>
        Custom description
      </span>
    </span>
  </p>
</div>
`;

exports[`Field with description 1`] = `
<div
  className="ola_field"
>
  <label
    className="ola_field-label"
    htmlFor="test"
  >
    Test label
  </label>
  <div
    className="ola_field-input"
  >
    <input
      className="ola_input"
      disabled={false}
      id="test"
      type="text"
    />
  </div>
  <p
    className="ola_field-description"
  >
    <span>
      Test Description
    </span>
  </p>
</div>
`;

exports[`Field with error 1`] = `
<div
  className="ola_field is-invalid"
>
  <label
    className="ola_field-label"
    htmlFor="test"
  >
    Test label
  </label>
  <div
    className="ola_field-input"
  >
    <input
      className="ola_input is-invalid"
      disabled={false}
      id="test"
      type="text"
    />
  </div>
</div>
`;

exports[`Field with hint 1`] = `
<div
  className="ola_field"
>
  <label
    className="ola_field-label"
    htmlFor="test"
  >
    Test label
    <span
      className="ola_field-hint"
    >
      Test hint
    </span>
  </label>
  <div
    className="ola_field-input"
  >
    <input
      className="ola_input"
      disabled={false}
      id="test"
      type="text"
    />
  </div>
</div>
`;
