// Jest Snapshot v1, https://goo.gl/fbAQLP

exports[`Default ButtonIcon 1`] = `
<button
  className="ola_button_icon is-normal"
  disabled={false}
  style={
    Object {
      "--base-color": "var(--color-positive-500)",
      "--busy-color": "var(--color-positive-600)",
      "--disabled-color": "var(--color-positive-300)",
      "--shadow-focus": "var(--shadow-focus-positive)",
    }
  }
>
  <svg
    className="ola_icon is-medium"
    fillRule="evenodd"
    height="28"
    viewBox="0 0 28 28"
    width="28"
  >
    <path
      d="M14 2c1.63 0 3.186.317 4.666.95 1.48.634 2.756 1.486 3.827 2.557 1.07 1.071 1.923 2.347 2.557 3.827.633 1.48.95 3.035.95 4.666 0 1.63-.317 3.186-.95 4.666-.634 1.48-1.486 2.756-2.557 3.827-1.071 1.07-2.347 1.923-3.827 2.557-1.48.633-3.035.95-4.666.95-1.63 0-3.186-.317-4.666-.95-1.48-.634-2.756-1.486-3.827-2.557-1.07-1.071-1.923-2.347-2.557-3.827A11.736 11.736 0 0 1 2 14c0-1.63.317-3.186.95-4.666.634-1.48 1.486-2.756 2.557-3.827 1.071-1.07 2.347-1.923 3.827-2.557C10.814 2.317 12.369 2 14 2zm5.919 7c.298 0 .553.109.764.326.211.217.317.48.317.786 0 .307-.107.57-.32.79l-7.56 7.777a1.02 1.02 0 0 1-.76.321 1.03 1.03 0 0 1-.768-.321l-4.28-4.394a1.09 1.09 0 0 1-.312-.79c0-.307.106-.57.317-.787.21-.217.466-.325.764-.325s.555.11.769.33l3.51 3.611 6.79-6.994c.214-.22.47-.33.769-.33z"
    />
  </svg>
</button>
`;
