// Jest Snapshot v1, https://goo.gl/fbAQLP

exports[`Default Task 1`] = `
<div
  className="ola_task is-error"
>
  <div
    className="ola_task-header"
  >
    <svg
      className="ola_icon is-medium ola_task-status"
      fillRule="evenodd"
      height="28"
      viewBox="0 0 28 28"
      width="28"
    >
      <path
        d="M14 2c1.63 0 3.186.317 4.666.95 1.48.634 2.756 1.486 3.827 2.557 1.07 1.071 1.923 2.347 2.557 3.827.633 1.48.95 3.035.95 4.666 0 1.63-.317 3.186-.95 4.666-.634 1.48-1.486 2.756-2.557 3.827-1.071 1.07-2.347 1.923-3.827 2.557-1.48.633-3.035.95-4.666.95-1.63 0-3.186-.317-4.666-.95-1.48-.634-2.756-1.486-3.827-2.557-1.07-1.071-1.923-2.347-2.557-3.827A11.736 11.736 0 0 1 2 14c0-1.63.317-3.186.95-4.666.634-1.48 1.486-2.756 2.557-3.827 1.071-1.07 2.347-1.923 3.827-2.557C10.814 2.317 12.369 2 14 2zm5.085 5.815c.301 0 .56.107.776.32.216.213.324.47.324.771 0 .301-.108.56-.324.776L15.543 14l4.318 4.31c.216.216.324.471.324.767 0 .3-.108.558-.324.771-.216.213-.475.32-.776.32-.3 0-.557-.105-.767-.316L14 15.542l-4.31 4.31c-.21.21-.468.316-.775.316-.301 0-.558-.105-.772-.316a1.037 1.037 0 0 1-.32-.767c0-.307.106-.565.316-.775L12.457 14 8.14 9.682a1.044 1.044 0 0 1-.315-.767c0-.301.106-.56.32-.776.213-.216.47-.324.77-.324.302 0 .56.108.776.324L14 12.457l4.318-4.318c.216-.216.472-.324.767-.324z"
      />
    </svg>
    <span
      className="ola_task-title"
    >
      Task title 1
    </span>
  </div>
</div>
`;

exports[`Error Task 1`] = `
<div
  className="ola_task is-error"
>
  <div
    className="ola_task-header"
  >
    <svg
      className="ola_icon is-medium ola_task-status"
      fillRule="evenodd"
      height="28"
      viewBox="0 0 28 28"
      width="28"
    >
      <path
        d="M14 2c1.63 0 3.186.317 4.666.95 1.48.634 2.756 1.486 3.827 2.557 1.07 1.071 1.923 2.347 2.557 3.827.633 1.48.95 3.035.95 4.666 0 1.63-.317 3.186-.95 4.666-.634 1.48-1.486 2.756-2.557 3.827-1.071 1.07-2.347 1.923-3.827 2.557-1.48.633-3.035.95-4.666.95-1.63 0-3.186-.317-4.666-.95-1.48-.634-2.756-1.486-3.827-2.557-1.07-1.071-1.923-2.347-2.557-3.827A11.736 11.736 0 0 1 2 14c0-1.63.317-3.186.95-4.666.634-1.48 1.486-2.756 2.557-3.827 1.071-1.07 2.347-1.923 3.827-2.557C10.814 2.317 12.369 2 14 2zm5.085 5.815c.301 0 .56.107.776.32.216.213.324.47.324.771 0 .301-.108.56-.324.776L15.543 14l4.318 4.31c.216.216.324.471.324.767 0 .3-.108.558-.324.771-.216.213-.475.32-.776.32-.3 0-.557-.105-.767-.316L14 15.542l-4.31 4.31c-.21.21-.468.316-.775.316-.301 0-.558-.105-.772-.316a1.037 1.037 0 0 1-.32-.767c0-.307.106-.565.316-.775L12.457 14 8.14 9.682a1.044 1.044 0 0 1-.315-.767c0-.301.106-.56.32-.776.213-.216.47-.324.77-.324.302 0 .56.108.776.324L14 12.457l4.318-4.318c.216-.216.472-.324.767-.324z"
      />
    </svg>
    <span
      className="ola_task-title"
    >
      Task title 5
    </span>
  </div>
</div>
`;

exports[`Success Task 1`] = `
<div
  className="ola_task is-success"
>
  <div
    className="ola_task-header"
  >
    <svg
      className="ola_icon is-medium ola_task-status"
      fillRule="evenodd"
      height="28"
      viewBox="0 0 28 28"
      width="28"
    >
      <path
        d="M14 2c1.63 0 3.186.317 4.666.95 1.48.634 2.756 1.486 3.827 2.557 1.07 1.071 1.923 2.347 2.557 3.827.633 1.48.95 3.035.95 4.666 0 1.63-.317 3.186-.95 4.666-.634 1.48-1.486 2.756-2.557 3.827-1.071 1.07-2.347 1.923-3.827 2.557-1.48.633-3.035.95-4.666.95-1.63 0-3.186-.317-4.666-.95-1.48-.634-2.756-1.486-3.827-2.557-1.07-1.071-1.923-2.347-2.557-3.827A11.736 11.736 0 0 1 2 14c0-1.63.317-3.186.95-4.666.634-1.48 1.486-2.756 2.557-3.827 1.071-1.07 2.347-1.923 3.827-2.557C10.814 2.317 12.369 2 14 2zm5.919 7c.298 0 .553.109.764.326.211.217.317.48.317.786 0 .307-.107.57-.32.79l-7.56 7.777a1.02 1.02 0 0 1-.76.321 1.03 1.03 0 0 1-.768-.321l-4.28-4.394a1.09 1.09 0 0 1-.312-.79c0-.307.106-.57.317-.787.21-.217.466-.325.764-.325s.555.11.769.33l3.51 3.611 6.79-6.994c.214-.22.47-.33.769-.33z"
      />
    </svg>
    <span
      className="ola_task-title"
    >
      Task title 2
    </span>
  </div>
</div>
`;

exports[`Suggested Task 1`] = `
<div
  className="ola_task is-suggested"
>
  <div
    className="ola_task-header"
  >
    <svg
      className="ola_icon is-medium ola_task-status"
      fillRule="evenodd"
      height="28"
      viewBox="0 0 28 28"
      width="28"
    >
      <path
        d="M14 2C7.376 2 2 7.376 2 14s5.376 12 12 12 12-5.376 12-12S20.624 2 14 2zm1 19h-2v-2h2v2zm2.07-7.75l-.9.92C15.45 14.9 15 15.5 15 17h-2v-.5c0-1.1.45-2.1 1.17-2.83l1.24-1.26c.37-.36.59-.86.59-1.41 0-1.1-.9-2-2-2s-2 .9-2 2h-2c0-2.21 1.79-4 4-4s4 1.79 4 4c0 .88-.36 1.68-.93 2.25z"
      />
    </svg>
    <span
      className="ola_task-title"
    >
      Task title 3
    </span>
  </div>
</div>
`;

exports[`Task small 1`] = `
<div
  className="ola_task is-small is-error"
>
  <p
    className="ola_task-header"
  >
    <svg
      className="ola_icon is-small ola_task-status"
      fillRule="evenodd"
      height="28"
      viewBox="0 0 28 28"
      width="28"
    >
      <path
        d="M14 2c1.63 0 3.186.317 4.666.95 1.48.634 2.756 1.486 3.827 2.557 1.07 1.071 1.923 2.347 2.557 3.827.633 1.48.95 3.035.95 4.666 0 1.63-.317 3.186-.95 4.666-.634 1.48-1.486 2.756-2.557 3.827-1.071 1.07-2.347 1.923-3.827 2.557-1.48.633-3.035.95-4.666.95-1.63 0-3.186-.317-4.666-.95-1.48-.634-2.756-1.486-3.827-2.557-1.07-1.071-1.923-2.347-2.557-3.827A11.736 11.736 0 0 1 2 14c0-1.63.317-3.186.95-4.666.634-1.48 1.486-2.756 2.557-3.827 1.071-1.07 2.347-1.923 3.827-2.557C10.814 2.317 12.369 2 14 2zm5.085 5.815c.301 0 .56.107.776.32.216.213.324.47.324.771 0 .301-.108.56-.324.776L15.543 14l4.318 4.31c.216.216.324.471.324.767 0 .3-.108.558-.324.771-.216.213-.475.32-.776.32-.3 0-.557-.105-.767-.316L14 15.542l-4.31 4.31c-.21.21-.468.316-.775.316-.301 0-.558-.105-.772-.316a1.037 1.037 0 0 1-.32-.767c0-.307.106-.565.316-.775L12.457 14 8.14 9.682a1.044 1.044 0 0 1-.315-.767c0-.301.106-.56.32-.776.213-.216.47-.324.77-.324.302 0 .56.108.776.324L14 12.457l4.318-4.318c.216-.216.472-.324.767-.324z"
      />
    </svg>
    <span
      className="ola_task-title"
    >
      Task title 7
    </span>
  </p>
</div>
`;

exports[`Task small with link 1`] = `
<a
  className="ola_task is-small is-error"
  href="#"
>
  <p
    className="ola_task-header"
  >
    <svg
      className="ola_icon is-small ola_task-status"
      fillRule="evenodd"
      height="28"
      viewBox="0 0 28 28"
      width="28"
    >
      <path
        d="M14 2c1.63 0 3.186.317 4.666.95 1.48.634 2.756 1.486 3.827 2.557 1.07 1.071 1.923 2.347 2.557 3.827.633 1.48.95 3.035.95 4.666 0 1.63-.317 3.186-.95 4.666-.634 1.48-1.486 2.756-2.557 3.827-1.071 1.07-2.347 1.923-3.827 2.557-1.48.633-3.035.95-4.666.95-1.63 0-3.186-.317-4.666-.95-1.48-.634-2.756-1.486-3.827-2.557-1.07-1.071-1.923-2.347-2.557-3.827A11.736 11.736 0 0 1 2 14c0-1.63.317-3.186.95-4.666.634-1.48 1.486-2.756 2.557-3.827 1.071-1.07 2.347-1.923 3.827-2.557C10.814 2.317 12.369 2 14 2zm5.085 5.815c.301 0 .56.107.776.32.216.213.324.47.324.771 0 .301-.108.56-.324.776L15.543 14l4.318 4.31c.216.216.324.471.324.767 0 .3-.108.558-.324.771-.216.213-.475.32-.776.32-.3 0-.557-.105-.767-.316L14 15.542l-4.31 4.31c-.21.21-.468.316-.775.316-.301 0-.558-.105-.772-.316a1.037 1.037 0 0 1-.32-.767c0-.307.106-.565.316-.775L12.457 14 8.14 9.682a1.044 1.044 0 0 1-.315-.767c0-.301.106-.56.32-.776.213-.216.47-.324.77-.324.302 0 .56.108.776.324L14 12.457l4.318-4.318c.216-.216.472-.324.767-.324z"
      />
    </svg>
    <span
      className="ola_task-title"
    >
      Task title 8
    </span>
  </p>
</a>
`;

exports[`Task with Extra 1`] = `
<div
  className="ola_task is-error"
>
  <div
    className="ola_task-header"
  >
    <svg
      className="ola_icon is-medium ola_task-status"
      fillRule="evenodd"
      height="28"
      viewBox="0 0 28 28"
      width="28"
    >
      <path
        d="M14 2c1.63 0 3.186.317 4.666.95 1.48.634 2.756 1.486 3.827 2.557 1.07 1.071 1.923 2.347 2.557 3.827.633 1.48.95 3.035.95 4.666 0 1.63-.317 3.186-.95 4.666-.634 1.48-1.486 2.756-2.557 3.827-1.071 1.07-2.347 1.923-3.827 2.557-1.48.633-3.035.95-4.666.95-1.63 0-3.186-.317-4.666-.95-1.48-.634-2.756-1.486-3.827-2.557-1.07-1.071-1.923-2.347-2.557-3.827A11.736 11.736 0 0 1 2 14c0-1.63.317-3.186.95-4.666.634-1.48 1.486-2.756 2.557-3.827 1.071-1.07 2.347-1.923 3.827-2.557C10.814 2.317 12.369 2 14 2zm5.085 5.815c.301 0 .56.107.776.32.216.213.324.47.324.771 0 .301-.108.56-.324.776L15.543 14l4.318 4.31c.216.216.324.471.324.767 0 .3-.108.558-.324.771-.216.213-.475.32-.776.32-.3 0-.557-.105-.767-.316L14 15.542l-4.31 4.31c-.21.21-.468.316-.775.316-.301 0-.558-.105-.772-.316a1.037 1.037 0 0 1-.32-.767c0-.307.106-.565.316-.775L12.457 14 8.14 9.682a1.044 1.044 0 0 1-.315-.767c0-.301.106-.56.32-.776.213-.216.47-.324.77-.324.302 0 .56.108.776.324L14 12.457l4.318-4.318c.216-.216.472-.324.767-.324z"
      />
    </svg>
    <span
      className="ola_task-title"
    >
      Task title 6
    </span>
    <div
      className="ola_task-extra"
    >
      <button
        className="ola_button"
        disabled={false}
        onClick={[Function]}
      >
        <span
          className="ola_button-text"
        >
          Fix now
        </span>
      </button>
    </div>
  </div>
</div>
`;

exports[`Warning Task 1`] = `
<div
  className="ola_task is-warning"
>
  <div
    className="ola_task-header"
  >
    <svg
      className="ola_icon is-medium ola_task-status"
      fillRule="evenodd"
      height="28"
      viewBox="0 0 28 28"
      width="28"
    >
      <path
        d="M25.89 23.74L14.755 4.431A.87.87 0 0 0 14 4c-.312 0-.6.164-.755.431L2.112 23.74a.828.828 0 0 0 .006.841.87.87 0 0 0 .747.419h22.27c.304 0 .59-.16.747-.419a.834.834 0 0 0 .008-.841zM15 22h-2v-2h2v2zm0-4h-2v-8h2v8z"
      />
    </svg>
    <span
      className="ola_task-title"
    >
      Task title 4
    </span>
  </div>
</div>
`;
